===== .editorconfig =====
root = true

[*]
charset = utf-8
end_of_line = lf
insert_final_newline = true
trim_trailing_whitespace = true
indent_style = tab

[*.{json,yml,yaml,md}]
indent_style = space
indent_size = 2

===== .github/ISSUE_TEMPLATE/bug_report.md =====
---
name: Bug report
about: Report a problem
labels: bug
---

**Describe the bug**

**To reproduce**

**Expected behavior**

**Environment**
- Version:
- Node:
- OS:

===== .github/ISSUE_TEMPLATE/feature_request.md =====
---
name: Feature request
about: Suggest an idea
labels: enhancement
---

**Problem**

**Proposed solution**

**Alternatives considered**

===== .github/PULL_REQUEST_TEMPLATE.md =====
## Summary

<!-- What does this change and why? -->

## Checklist

- [ ] Tests pass
- [ ] Lint & types pass
- [ ] Docs updated if needed

===== .github/renovate.json =====
{
  "$schema": "https://docs.renovatebot.com/renovate-schema.json",
  "extends": [
    "config:recommended",
    ":semanticCommits"
  ]
}

===== .github/workflows/ci.yml =====
name: CI
on:
  push:
    branches: [main]
  pull_request:
jobs:
  ci:
    runs-on: ubuntu-latest
    steps:
      - uses: actions/checkout@v7
      - uses: actions/setup-node@v7
        with:
          node-version: '24'
          cache: 'npm'
      - run: npm ci
      - run: npm run typecheck
      - run: npm run lint
      - run: npm run test
      - run: npm run build

===== .gitignore =====
# dependencies
node_modules/
.pnp.*
.yarn/*

# build output
dist/
coverage/
*.tsbuildinfo

# test artifacts (Playwright)
test-results/
playwright-report/
playwright/.cache/

# logs
*.log
npm-debug.log*

# env & editor
.env
.env.*
!.env.example
.DS_Store
.vscode/*
!.vscode/settings.json
!.vscode/extensions.json
.idea/

===== .npmrc =====
engine-strict=true

===== .nvmrc =====
24.18.0

===== .prettierignore =====
dist
coverage

===== .prettierrc.json =====
{
  "useTabs": true,
  "singleQuote": true,
  "semi": true,
  "printWidth": 100,
  "trailingComma": "all"
}

===== .vscode/extensions.json =====
{
  "recommendations": [
    "dbaeumer.vscode-eslint",
    "esbenp.prettier-vscode",
    "vitest.explorer"
  ]
}

===== .vscode/settings.json =====
{
  "editor.formatOnSave": true,
  "editor.defaultFormatter": "esbenp.prettier-vscode",
  "editor.insertSpaces": false,
  "editor.codeActionsOnSave": {
    "source.fixAll": "explicit"
  }
}

===== AGENTS.md =====
# AGENTS.md

Guidance for AI coding agents working in **fixture**.

## Stack

- Language: TypeScript (strict)
- Module format: ESM
- Package manager: npm
- Bundler: tsup
- Tests: vitest
- Lint/format: eslint-prettier

## Commands

- Type-check: `npm run typecheck`
- Lint: `npm run lint`
- Test: `npm test`
- Build: `npm run build`

## Conventions

- Source lives in `src/`. Keep the public API in `src/index.ts`.
- Add or update tests for any behavior change.
- Prefer explicit types on exported functions; keep `strict` passing.
- Do not commit `dist/` or `node_modules/`.

===== CLAUDE.md =====
See [AGENTS.md](./AGENTS.md) for build/test commands and conventions.

===== CODE_OF_CONDUCT.md =====
# Code of Conduct

This project follows the [Contributor Covenant](https://www.contributor-covenant.org/version/2/1/code_of_conduct/).
By participating, you are expected to uphold this code. Report unacceptable
behavior to the maintainers.

===== CONTRIBUTING.md =====
# Contributing

Thanks for your interest in contributing!

## Development

```sh
npm install
npm test
```

## Pull requests

- Create a branch, make your change, and open a PR against `main`.
- Make sure lint, types and tests pass.


===== LICENSE =====
MIT License

Copyright (c) 2026 Fixture Author <fixture@example.com>

Permission is hereby granted, free of charge, to any person obtaining a copy
of this software and associated documentation files (the "Software"), to deal
in the Software without restriction, including without limitation the rights
to use, copy, modify, merge, publish, distribute, sublicense, and/or sell
copies of the Software, and to permit persons to whom the Software is
furnished to do so, subject to the following conditions:

The above copyright notice and this permission notice shall be included in all
copies or substantial portions of the Software.

THE SOFTWARE IS PROVIDED "AS IS", WITHOUT WARRANTY OF ANY KIND, EXPRESS OR
IMPLIED, INCLUDING BUT NOT LIMITED TO THE WARRANTIES OF MERCHANTABILITY,
FITNESS FOR A PARTICULAR PURPOSE AND NONINFRINGEMENT. IN NO EVENT SHALL THE
AUTHORS OR COPYRIGHT HOLDERS BE LIABLE FOR ANY CLAIM, DAMAGES OR OTHER
LIABILITY, WHETHER IN AN ACTION OF CONTRACT, TORT OR OTHERWISE, ARISING FROM,
OUT OF OR IN CONNECTION WITH THE SOFTWARE OR THE USE OR OTHER DEALINGS IN THE
SOFTWARE.

===== README.md =====
# fixture

A fixture project.

[![CI](https://github.com/fixture/fixture/actions/workflows/ci.yml/badge.svg)](https://github.com/fixture/fixture/actions/workflows/ci.yml) [![License: MIT](https://img.shields.io/badge/license-MIT-blue.svg)](LICENSE)

## Requirements

Node.js >= 24.0.0 (`.nvmrc` pins 24.18.0; run `nvm use`). Enforced via `engine-strict`, so installs fail fast on an unsupported version.

## Install

```sh
npm install fixture
```

## Develop

```sh
npm run dev     # start the dev server
npm run build   # production build
```

## License

MIT © Fixture Author <fixture@example.com>

===== SECURITY.md =====
# Security Policy

If you discover a security vulnerability, please **do not** open a public issue.
Instead, report it privately to the maintainers (e.g. via GitHub Security
Advisories). We will respond as quickly as possible.

===== eslint.config.js =====
import js from '@eslint/js';
import tseslint from 'typescript-eslint';

export default tseslint.config(
	js.configs.recommended,
	...tseslint.configs.recommended,
	{ ignores: ['dist', 'coverage'] },
);

===== index.html =====
<!doctype html>
<html lang="en">
	<head>
		<meta charset="UTF-8" />
		<meta name="viewport" content="width=device-width, initial-scale=1.0" />
		<title>fixture</title>
	</head>
	<body>
		<div id="root"></div>
		<script type="module" src="/src/main.ts"></script>
	</body>
</html>

===== package.json =====
{
  "name": "fixture",
  "version": "0.0.0",
  "description": "A fixture project.",
  "homepage": "https://github.com/fixture/fixture#readme",
  "bugs": {
    "url": "https://github.com/fixture/fixture/issues"
  },
  "repository": {
    "type": "git",
    "url": "git+https://github.com/fixture/fixture.git"
  },
  "license": "MIT",
  "author": "Fixture Author <fixture@example.com>",
  "type": "module",
  "engines": {
    "node": ">=24.0.0"
  },
  "scripts": {
    "typecheck": "vue-tsc --noEmit",
    "dev": "vite",
    "build": "vue-tsc --noEmit && vite build",
    "preview": "vite preview",
    "clean": "rimraf dist",
    "test": "vitest run",
    "test:watch": "vitest",
    "coverage": "vitest run --coverage",
    "format": "prettier --write .",
    "format:check": "prettier --check .",
    "lint": "eslint .",
    "lint:fix": "eslint . --fix",
    "prepare": "simple-git-hooks"
  },
  "simple-git-hooks": {
    "pre-commit": "npx lint-staged"
  },
  "lint-staged": {
    "*.{js,ts}": [
      "prettier --write",
      "eslint --fix"
    ],
    "*.{json,md,yml}": "prettier --write"
  },
  "dependencies": {
    "vue": "^3.4.0"
  },
  "devDependencies": {
    "@eslint/js": "^10.0.0",
    "@testing-library/dom": "^10.0.0",
    "@testing-library/vue": "^8.1.0",
    "@types/node": "^24.0.0",
    "@vitejs/plugin-vue": "^6.0.0",
    "@vitest/coverage-v8": "^4.0.0",
    "eslint": "^10.0.0",
    "jsdom": "^29.0.0",
    "lint-staged": "^16.2.0",
    "prettier": "^3.3.0",
    "rimraf": "^6.0.0",
    "simple-git-hooks": "^2.11.0",
    "typescript": "^5.9.3",
    "typescript-eslint": "^8.0.0",
    "vite": "^8.0.0",
    "vitest": "^4.0.0",
    "vue-tsc": "^3.0.0"
  },
  "private": true
}

===== packkit.json =====
{
  "$schema": "https://packkitlabs.github.io/create-packkit-js/packkit.schema.json",
  "generator": "create-packkit",
  "preset": "vue-app",
  "settings": {
    "description": "A fixture project.",
    "author": "Fixture Author <fixture@example.com>",
    "repo": "https://github.com/fixture/fixture",
    "target": [
      "app"
    ],
    "framework": "vue",
    "sourcemaps": false,
    "release": "none",
    "workflows": [
      "ci"
    ]
  },
  "baseline": {
    "schemaVersion": 1,
    "files": {
      ".editorconfig": {
        "hash": "1811c495930b03"
      },
      ".github/ISSUE_TEMPLATE/bug_report.md": {
        "hash": "14665755d4fe69"
      },
      ".github/ISSUE_TEMPLATE/feature_request.md": {
        "hash": "19ef8d724b4866"
      },
      ".github/PULL_REQUEST_TEMPLATE.md": {
        "hash": "174297edf0cebd"
      },
      ".github/renovate.json": {
        "hash": "0ae9c2290044dd"
      },
      ".github/workflows/ci.yml": {
        "hash": "18cd82a50c6142"
      },
      ".gitignore": {
        "hash": "1fd9c31aebe75a"
      },
      ".npmrc": {
        "hash": "154fbd08123dcc"
      },
      ".nvmrc": {
        "hash": "147aa9099b1835"
      },
      ".prettierignore": {
        "hash": "0a0c87fb2713ab"
      },
      ".prettierrc.json": {
        "hash": "05a19eb6a83b83"
      },
      ".vscode/extensions.json": {
        "hash": "151dd68be63661"
      },
      ".vscode/settings.json": {
        "hash": "0620abb8210f6f"
      },
      "AGENTS.md": {
        "hash": "14a27899b25812"
      },
      "CLAUDE.md": {
        "hash": "0a3e1dac8414fa"
      },
      "CODE_OF_CONDUCT.md": {
        "hash": "11130d8e94d7e7"
      },
      "CONTRIBUTING.md": {
        "hash": "12c081baa3f205"
      },
      "LICENSE": {
        "hash": "199a668c7eefba"
      },
      "README.md": {
        "hash": "1db2834cd9fe13"
      },
      "SECURITY.md": {
        "hash": "1fc69ca4db19fc"
      },
      "eslint.config.js": {
        "hash": "0cb9cb0c88541d"
      },
      "index.html": {
        "hash": "0f6829cd8b94da"
      },
      "package.json": {
        "hash": "0370dd2dfd3898"
      },
      "src/App.vue": {
        "hash": "026871f369a428"
      },
      "src/index.test.ts": {
        "hash": "06d509a6173268"
      },
      "src/main.ts": {
        "hash": "167f4fe6db25f5"
      },
      "tsconfig.json": {
        "hash": "073069a848aa2d"
      },
      "vite.config.ts": {
        "hash": "18f1e64bf6f680"
      },
      "vitest.config.ts": {
        "hash": "1acca13d468a05"
      }
    },
    "packageJson": {
      "scripts": {
        "typecheck": "vue-tsc --noEmit",
        "dev": "vite",
        "build": "vue-tsc --noEmit && vite build",
        "preview": "vite preview",
        "clean": "rimraf dist",
        "test": "vitest run",
        "test:watch": "vitest",
        "coverage": "vitest run --coverage",
        "format": "prettier --write .",
        "format:check": "prettier --check .",
        "lint": "eslint .",
        "lint:fix": "eslint . --fix",
        "prepare": "simple-git-hooks"
      },
      "dependencies": {
        "dependencies": {
          "vue": "^3.4.0"
        },
        "devDependencies": {
          "@eslint/js": "^10.0.0",
          "@testing-library/dom": "^10.0.0",
          "@testing-library/vue": "^8.1.0",
          "@types/node": "^24.0.0",
          "@vitejs/plugin-vue": "^6.0.0",
          "@vitest/coverage-v8": "^4.0.0",
          "eslint": "^10.0.0",
          "jsdom": "^29.0.0",
          "lint-staged": "^16.2.0",
          "prettier": "^3.3.0",
          "rimraf": "^6.0.0",
          "simple-git-hooks": "^2.11.0",
          "typescript": "^5.9.3",
          "typescript-eslint": "^8.0.0",
          "vite": "^8.0.0",
          "vitest": "^4.0.0",
          "vue-tsc": "^3.0.0"
        }
      },
      "protectedFields": {
        "engines": {
          "node": ">=24.0.0"
        }
      }
    }
  }
}

===== src/App.vue =====
<script setup lang="ts">
</script>

<template>
	<h1>Hello from fixture</h1>
</template>

===== src/index.test.ts =====
import { describe, it, expect } from 'vitest';
import { render, screen } from '@testing-library/vue';
import App from './App.vue';

describe('App', () => {
	it('renders', () => {
		render(App);
		expect(screen.getByText(/Hello from/)).toBeDefined();
	});
});

===== src/main.ts =====
import { createApp } from 'vue';
import App from './App.vue';

createApp(App).mount('#root');

===== tsconfig.json =====
{
  "$schema": "https://json.schemastore.org/tsconfig",
  "compilerOptions": {
    "target": "ES2022",
    "module": "ESNext",
    "moduleResolution": "Bundler",
    "lib": [
      "ES2022",
      "DOM",
      "DOM.Iterable"
    ],
    "strict": true,
    "noUncheckedIndexedAccess": true,
    "esModuleInterop": true,
    "skipLibCheck": true,
    "forceConsistentCasingInFileNames": true,
    "verbatimModuleSyntax": false,
    "declaration": true,
    "noEmit": true
  },
  "include": [
    "src"
  ],
  "exclude": [
    "dist",
    "node_modules"
  ]
}

===== vite.config.ts =====
import vue from '@vitejs/plugin-vue';

import { defineConfig } from 'vite';

export default defineConfig({
	plugins: [vue()],
});

===== vitest.config.ts =====
import vue from '@vitejs/plugin-vue';
import { defineConfig } from 'vitest/config';

export default defineConfig({
	plugins: [vue()],
	test: {
		environment: 'jsdom',
		globals: true,
		coverage: { provider: 'v8', reporter: ['text', 'lcov'] },
	},
});
